03/01/2018 11:31:51 PM - DEBUG - ecgdata - Setting data
03/01/2018 11:31:51 PM - DEBUG - ecgdata - Setting data
03/01/2018 11:31:51 PM - DEBUG - ecgdata - Getting data as 2-column array
03/01/2018 11:31:51 PM - DEBUG - ecgdata - Getting data as 2-column array
03/01/2018 11:31:51 PM - DEBUG - ecgdata - Getting data as 2-column array
03/01/2018 11:31:51 PM - DEBUG - ecgdata - Getting data as 2-column array
